

HI-TECH Software 8051 Macro Assembler V9.60                                Page 1
                                                       Wed Jun 18 20:10:56 2025

     1                           	psect	idata,class=DATA,space=1,limit=0100h
     2                           	psect	irdata,class=DATA,limit=0100h
     3                           	global	_imp
     4                           	signat	_imp,4216
     5                           	global	stack_internal
     6                           	psect	text,class=CODE
     7                           	psect	text
     8                           	file	"C:\890C~1\FB71~1\70196~1\pr7\project1\mai
                                 n.c"
     9                           	line	5
    10  00003                     _imp:
    11  00003  80 2A              	j	f1601
    12  00005                     f1600:
    13                           ;main.c: 5: void imp(unsigned int cnt) {
    14                           
    15                           ;main.c: 6: do {} while (TF2 == 0);
    16                           
    17                           ;	var   _cnt assigned to ?a_imp+0
    18                           ;_cnt stored from WR2
    19  00005  8C 22              	mov	?a_imp+0,r4
    20  00007  8D 23              	mov	?a_imp+0+1,r5
    21                           	line	6
    22  00009                     l5:
    23  00009  30 CF 02           	bnb	t2con.7, u11
    24  0000C  80 02              	jmp	u10
    25  0000E                     u11:
    26  0000E  80 F9              	jmp	l5
    27  00010                     u10:
    28  00010                     l4:
    29                           ;main.c: 7: TF2 = 0;
    30                           
    31                           	line	7
    32  00010  C2 CF              	clr	t2con.7
    33                           ;main.c: 8: P10 = 1;
    34                           
    35                           	line	8
    36  00012  D2 90              	setb	p1.0
    37                           ;main.c: 9: while (cnt != 0) cnt--;
    38                           
    39                           	line	9
    40  00014  80 0C              	jmp	l6
    41  00016                     l7:
    42  00016  E5 23              	mov	a,?a_imp+0+1
    43  00018  24 FF              	add	a,#low (-01h)
    44  0001A  F5 23              	mov	?a_imp+0+1,a
    45  0001C  E5 22              	mov	a,?a_imp+0
    46  0001E  34 FF              	addc	a,#high (-01h)
    47  00020  F5 22              	mov	?a_imp+0,a
    48  00022                     l6:
    49  00022  E5 23              	mov	a,?a_imp+0+1
    50  00024  45 22              	orl	a,?a_imp+0
    51  00026  70 02              	bnz	u21
    52  00028  80 02              	jmp	u20
    53  0002A                     u21:
    54  0002A  80 EA              	jmp	l7
    55  0002C                     u20:
    56  0002C                     l8:
    57                           ;main.c: 10: P10 = 0;
    58                           
    59                           	line	10
    60  0002C  C2 90              	clr	p1.0
    61                           ;main.c: 11: }
    62                           
    63                           	line	11
    64  0002E                     l2:
    65  0002E  22                 	ret
    66  0002F                     f1601:
    67  0002F  80 D4              	j	f1600
    68                           	FNSIZE	_imp,2,0
    69                           	global	?a_imp
    70  0000                     f1602	equ	0
    71                           	global	_main
    72                           	signat	_main,88
    73                           	line	13
    74  00031                     _main:
    75  00031  80 40              	j	f1611
    76  00033                     f1610:
    77                           ;main.c: 13: void main() {
    78                           
    79                           ;main.c: 14: tmpCnt = 2250;
    80                           
    81                           	global	_tmpCnt
    82                           	line	14
    83  00033  75 20  08          	mov	_tmpCnt,#high(2250)
    84  00036  75 21  CA          	mov	_tmpCnt+1,#low(2250)
    85                           ;main.c: 15: P0 = 0;
    86                           
    87                           	line	15
    88  00039  75 80 00           	mov	080h,#0
    89                           ;main.c: 16: P2 = 0;
    90                           
    91                           	line	16
    92  0003C  75 A0 00           	mov	0A0h,#0
    93                           ;main.c: 17: P1 = 0xFE;
    94                           
    95                           	line	17
    96  0003F  75 90 FE           	mov	090h,#254
    97                           ;main.c: 18: RCAP2H = 0x0B;
    98                           
    99                           	line	18
   100  00042  75 CB 0B           	mov	0CBh,#11
   101                           ;main.c: 19: RCAP2L = 0xDC;
   102                           
   103                           	line	19
   104  00045  75 CA DC           	mov	0CAh,#220
   105                           ;main.c: 20: T2CON &= 0xFC;
   106                           
   107                           	line	20
   108  00048  53 C8 FC           	anl	0C8h,#-4
   109                           ;main.c: 21: ET2 = 1;
   110                           
   111                           	line	21
   112  0004B  D2 AD              	setb	ie.5
   113                           ;main.c: 22: EA = 1;
   114                           
   115                           	line	22
   116  0004D  D2 AF              	setb	ie.7
   117                           ;main.c: 23: T2CON |= 0x4;
   118                           
   119                           	line	23
   120  0004F  D2 CA              	setb	t2con.2
   121                           ;main.c: 25: while(1) {
   122                           
   123                           	line	25
   124  00051                     l11:
   125                           ;main.c: 26: imp(tmpCnt);
   126                           
   127                           	FNCALL	_main,_imp
   128                           	line	26
   129  00051  AC 20              	mov	r4,_tmpCnt
   130  00053  AD 21              	mov	r5,_tmpCnt+1
   131  00055  12 0003            	lcall	_imp
   132                           
   133                           ;main.c: 27: if (P0 == 1) tmpCnt = 2250;
   134                           
   135                           	line	27
   136  00058  E5 80              	mov	a,080h
   137  0005A  B4 01 08           	cbne	a,#(1),l13
   138  0005D  75 20  08          	mov	_tmpCnt,#high(2250)
   139  00060  75 21  CA          	mov	_tmpCnt+1,#low(2250)
   140  00063  80 0B              	jmp	l14
   141                           	line	28
   142  00065                     l13:
   143                           ;main.c: 28: else if (P2 == 1) tmpCnt = 3750;
   144                           
   145  00065  E5 A0              	mov	a,0A0h
   146  00067  B4 01 06           	cbne	a,#(1),l15
   147  0006A  75 20  0E          	mov	_tmpCnt,#high(3750)
   148  0006D  75 21  A6          	mov	_tmpCnt+1,#low(3750)
   149  00070                     l15:
   150                           	line	29
   151  00070                     l14:
   152  00070                     l10:
   153                           	line	25
   154  00070  80 DF              	jmp	l11
   155  00072                     l12:
   156                           ;main.c: 29: }
   157                           
   158                           ;main.c: 30: }
   159                           
   160                           	line	30
   161  00072                     l9:
   162  00072  22                 	ret
   163  00073                     f1611:
   164  00073  80 BE              	j	f1610
   165  0000                     f1612	equ	0
   166  0000                     _A10	equ	162
   167  0000                     _A11	equ	163
   168  0000                     _A12	equ	164
   169  0000                     _A13	equ	165
   170  0000                     _A14	equ	166
   171  0000                     _A15	equ	167
   172  0000                     _A8	equ	160
   173  0000                     _A9	equ	161
   174  0000                     _AC	equ	214
   175  0000                     _ACC0	equ	224
   176  0000                     _ACC1	equ	225
   177  0000                     _ACC2	equ	226
   178  0000                     _ACC3	equ	227
   179  0000                     _ACC4	equ	228
   180  0000                     _ACC5	equ	229
   181  0000                     _ACC6	equ	230
   182  0000                     _ACC7	equ	231
   183  0000                     _AD0	equ	128
   184  0000                     _AD1	equ	129
   185  0000                     _AD2	equ	130
   186  0000                     _AD3	equ	131
   187  0000                     _AD4	equ	132
   188  0000                     _AD5	equ	133
   189  0000                     _AD6	equ	134
   190  0000                     _AD7	equ	135
   191  0000                     _B0	equ	240
   192  0000                     _B1	equ	241
   193  0000                     _B2	equ	242
   194  0000                     _B3	equ	243
   195  0000                     _B4	equ	244
   196  0000                     _B5	equ	245
   197  0000                     _B6	equ	246
   198  0000                     _B7	equ	247
   199  0000                     _CPRL2	equ	200
   200  0000                     _CT2	equ	201
   201  0000                     _CY	equ	215
   202  0000                     _EA	equ	175
   203  0000                     _ES	equ	172
   204  0000                     _ET0	equ	169
   205  0000                     _ET1	equ	171
   206  0000                     _ET2	equ	173
   207  0000                     _EX0	equ	168
   208  0000                     _EX1	equ	170
   209  0000                     _EXEN2	equ	203
   210  0000                     _EXF2	equ	206
   211  0000                     _F0	equ	213
   212  0000                     _IE0	equ	137
   213  0000                     _IE1	equ	139
   214  0000                     _INT0	equ	178
   215  0000                     _INT1	equ	179
   216  0000                     _IT0	equ	136
   217  0000                     _IT1	equ	138
   218  0000                     _OV	equ	210
   219  0000                     _P	equ	208
   220  0000                     _P00	equ	128
   221  0000                     _P01	equ	129
   222  0000                     _P02	equ	130
   223  0000                     _P03	equ	131
   224  0000                     _P04	equ	132
   225  0000                     _P05	equ	133
   226  0000                     _P06	equ	134
   227  0000                     _P07	equ	135
   228  0000                     _P10	equ	144
   229  0000                     _P11	equ	145
   230  0000                     _P12	equ	146
   231  0000                     _P13	equ	147
   232  0000                     _P14	equ	148
   233  0000                     _P15	equ	149
   234  0000                     _P16	equ	150
   235  0000                     _P17	equ	151
   236  0000                     _P20	equ	160
   237  0000                     _P21	equ	161
   238  0000                     _P22	equ	162
   239  0000                     _P23	equ	163
   240  0000                     _P24	equ	164
   241  0000                     _P25	equ	165
   242  0000                     _P26	equ	166
   243  0000                     _P27	equ	167
   244  0000                     _P30	equ	176
   245  0000                     _P31	equ	177
   246  0000                     _P32	equ	178
   247  0000                     _P33	equ	179
   248  0000                     _P34	equ	180
   249  0000                     _P35	equ	181
   250  0000                     _P36	equ	182
   251  0000                     _P37	equ	183
   252  0000                     _PS	equ	188
   253  0000                     _PT0	equ	185
   254  0000                     _PT1	equ	187
   255  0000                     _PT2	equ	189
   256  0000                     _PX0	equ	184
   257  0000                     _PX1	equ	186
   258  0000                     _RB8	equ	154
   259  0000                     _RCLK	equ	205
   260  0000                     _RD	equ	183
   261  0000                     _REN	equ	156
   262  0000                     _RI	equ	152
   263  0000                     _RS0	equ	211
   264  0000                     _RS1	equ	212
   265  0000                     _RXD	equ	176
   266  0000                     _SM0	equ	159
   267  0000                     _SM1	equ	158
   268  0000                     _SM2	equ	157
   269  0000                     _T0	equ	180
   270  0000                     _T1	equ	181
   271  0000                     _T2	equ	144
   272  0000                     _T2EX	equ	145
   273  0000                     _TB8	equ	155
   274  0000                     _TCLK	equ	204
   275  0000                     _TF0	equ	141
   276  0000                     _TF1	equ	143
   277  0000                     _TF2	equ	207
   278  0000                     _TI	equ	153
   279  0000                     _TR0	equ	140
   280  0000                     _TR1	equ	142
   281  0000                     _TR2	equ	202
   282  0000                     _TXD	equ	177
   283  0000                     _WR	equ	182
   284  0000                     _ACC	equ	224
   285  0000                     _B	equ	240
   286  0000                     _DPH	equ	131
   287  0000                     _DPL	equ	130
   288  0000                     _IE	equ	168
   289  0000                     _IP	equ	184
   290  0000                     _P0	equ	128
   291  0000                     _P1	equ	144
   292  0000                     _P2	equ	160
   293  0000                     _P3	equ	176
   294  0000                     _PCON	equ	135
   295  0000                     _PSW	equ	208
   296  0000                     _RCAP2H	equ	203
   297  0000                     _RCAP2L	equ	202
   298  0000                     _SBUF	equ	153
   299  0000                     _SCON	equ	152
   300  0000                     _SP	equ	129
   301  0000                     _T2CON	equ	200
   302  0000                     _TCON	equ	136
   303  0000                     _TH0	equ	140
   304  0000                     _TH1	equ	141
   305  0000                     _TH2	equ	205
   306  0000                     _TL0	equ	138
   307  0000                     _TL1	equ	139
   308  0000                     _TL2	equ	204
   309  0000                     _TMOD	equ	137
   310  0000                     _ACC_BITS	equ	224
   311  0000                     _B_BITS	equ	240
   312  0000                     _IE_BITS	equ	168
   313  0000                     _IP_BITS	equ	184
   314  0000                     _P0_BITS	equ	128
   315  0000                     _P1_BITS	equ	144
   316  0000                     _P2_BITS	equ	160
   317  0000                     _P3_BITS	equ	176
   318  0000                     _PCON_BITS	equ	135
   319  0000                     _PSW_BITS	equ	208
   320  0000                     _SCON_BITS	equ	152
   321  0000                     _T2CON_BITS	equ	200
   322  0000                     _TCON_BITS	equ	136
   323  0000                     _TMOD_BITS	equ	137
   324                           	psect	rbss,class=DATA,space=1
   325                           	psect	rbss
   326                           	global	_tmpCnt
   327  00020                     _tmpCnt:
   328  00020                     	ds	2


HI-TECH Software 8051 Macro Assembler V9.60                                Page 2
Symbol Table                                           Wed Jun 18 20:10:56 2025

            _B 000F0              l2 0002E              l4 00010  
            l5 00009              _P 000D0              l6 00022  
            l7 00016              l8 0002C              l9 00072  
           _B0 000F0             _B1 000F1             _B2 000F2  
           _B3 000F3             _B4 000F4             _B5 000F5  
           _B6 000F6             _A8 000A0             _B7 000F7  
           _A9 000A1             _F0 000D5             _AC 000D6  
           l10 00070             l11 00051             l12 00072  
           l13 00065             l14 00070             _EA 000AF  
           l15 00070             _P0 00080             _P1 00090  
           _P2 000A0             _P3 000B0             _IE 000A8  
           _T0 000B4             _T1 000B5             _T2 00090  
           _ES 000AC             _CY 000D7             _IP 000B8  
           _RD 000B7             u10 00010             u11 0000E  
           u20 0002C             _RI 00098             u21 0002A  
           _TI 00099             _PS 000BC             _OV 000D2  
           _SP 00081             _WR 000B6         _B_BITS 000F0  
       _RCAP2H 000CB         _RCAP2L 000CA            _A10 000A2  
          _A11 000A3            _A12 000A4            _A13 000A5  
          _A14 000A6            _A15 000A7            _AD0 00080  
          _AD1 00081            _AD2 00082            _AD3 00083  
          _AD4 00084            _AD5 00085            _AD6 00086  
          _AD7 00087            _ACC 000E0            _P00 00080  
          _P01 00081            _P10 00090            _P02 00082  
          _P11 00091            _P03 00083            _P20 000A0  
          _P12 00092            _P04 00084            _P21 000A1  
          _P13 00093            _P05 00085            _P30 000B0  
          _P22 000A2            _P14 00094            _P06 00086  
          _P31 000B1            _P23 000A3            _P15 00095  
          _P07 00087            _P32 000B2            _P24 000A4  
          _P16 00096            _P33 000B3            _P25 000A5  
          _P17 00097            _P34 000B4            _P26 000A6  
          _P35 000B5            _P27 000A7            _P36 000B6  
          _P37 000B7            _IE0 00089            _IE1 0008B  
          _CT2 000C9            _ET0 000A9            _ET1 000AB  
          _ET2 000AD            _EX0 000A8            _EX1 000AA  
          _DPH 00083            _DPL 00082            _IT0 00088  
          _IT1 0008A            _RB8 0009A            _TF0 0008D  
          _TB8 0009B            _TF1 0008F            _TF2 000CF  
          _TH0 0008C            _TH1 0008D            _TH2 000CD  
          _SM0 0009F            _SM1 0009E            _TL0 0008A  
          _SM2 0009D            _PT0 000B9            _TL1 0008B  
          _PT1 000BB            _TL2 000CC            _PT2 000BD  
          _RS0 000D3            _RS1 000D4            _REN 0009C  
          _PX0 000B8            _PX1 000BA            _TR0 0008C  
          _TR1 0008E            _TR2 000CA            _RXD 000B0  
          _PSW 000D0            _TXD 000B1        _P0_BITS 00080  
      _P1_BITS 00090        _P2_BITS 000A0        _P3_BITS 000B0  
          _imp 00003        _IE_BITS 000A8       _ACC_BITS 000E0  
   _T2CON_BITS 000C8        _IP_BITS 000B8           f1600 00005  
         f1601 0002F           f1610 00033           f1602 00000  
         f1611 00073           f1612 00000           _ACC0 000E0  
         _ACC1 000E1           _ACC2 000E2           _ACC3 000E3  
         _ACC4 000E4           _ACC5 000E5           _ACC6 000E6  
         _ACC7 000E7  stack_internal 00001           _EXF2 000CE  
         _T2EX 00091           _INT0 000B2           _INT1 000B3  
         _PCON 00087           _RCLK 000CD           _TCLK 000CC  
         _SCON 00098           _SBUF 00099           _TCON 00088  
         _TMOD 00089         _tmpCnt 00020           _main 00031  
        ?a_imp 00022       _PSW_BITS 000D0          _CPRL2 000C8  
        _T2CON 000C8          _EXEN2 000CB      _PCON_BITS 00087  
    _SCON_BITS 00098      _TCON_BITS 00088      _TMOD_BITS 00089  
