

HI-TECH Software 8051 Macro Assembler V9.60                                Page 1
                                                       Fri May 23 10:15:14 2025

     1                           	psect	idata,class=DATA,space=1,limit=080h
     2                           	psect	irdata,class=DATA,limit=080h
     3                           	global	_main
     4                           	signat	_main,88
     5                           	global	stack_internal
     6                           	psect	text,class=CODE
     7                           	psect	text
     8                           	file	"C:\0E91~1\3A3E7~1\890C~1\FB71~1\140FD~1\8
                                 051\project1\main.c"
     9                           	line	2
    10  00003                     _main:
    11  00003  80 64              	j	f1411
    12  00005                     f1410:
    13                           ;main.c: 2: void main() {
    14                           
    15                           ;	var   _i assigned to ?a_main+0
    16                           ;	var   _ptr assigned to ?a_main+2
    17                           ;	var   _test assigned to ?a_main+4
    18                           ;	var   _nabor assigned to ?a_main+5
    19                           ;main.c: 3: int i;
    20                           
    21                           ;main.c: 4: char xdata *ptr;
    22                           
    23                           ;main.c: 5: char test, nabor;
    24                           
    25                           ;main.c: 6: nabor = 0x33;
    26                           
    27                           	line	6
    28  00005  75 25  33          	mov	?a_main+5,#51
    29                           ;main.c: 7: P1 = 0x0;
    30                           
    31                           	line	7
    32  00008  75 90 00           	mov	090h,#0
    33                           ;main.c: 8: ptr = (char xdata *) 0x1000;
    34                           
    35                           	line	8
    36  0000B  75 22  10          	mov	?a_main+2,#high(4096)
    37  0000E  75 23  00          	mov	?a_main+2+1,#low(4096)
    38                           ;main.c: 9: for (i=0; i<1024; i++) {
    39                           
    40                           	line	9
    41  00011  E4                 	clr	a
    42  00012  F5 20              	mov	?a_main+0,a
    43  00014  F5 21              	mov	?a_main+0+1,a
    44  00016  E5 21              	mov	a,?a_main+0+1
    45  00018  24 00              	add	a,#low -(1024)
    46  0001A  E5 20              	mov	a,?a_main+0
    47  0001C  64 80              	xrl	a,#80h
    48  0001E  34 7C              	addc	a,#(high -(1024))xor 80h
    49  00020  50 02              	bnc	u11
    50  00022  80 02              	jmp	u10
    51  00024                     u11:
    52  00024  80 02              	jmp	l3
    53  00026                     u10:
    54  00026  80 40              	jmp	l4
    55  00028                     l3:
    56                           ;main.c: 10: *ptr = nabor;
    57                           
    58                           	line	10
    59  00028  E5 25              	mov	a,?a_main+5
    60  0002A  85 22  83          	mov	dph,?a_main+2
    61  0002D  85 23  82          	mov	dpl,?a_main+2+1
    62  00030  F0                 	movx	@dptr,a
    63                           ;main.c: 11: test = *ptr;
    64                           
    65                           	line	11
    66  00031  85 22  83          	mov	dph,?a_main+2
    67  00034  85 23  82          	mov	dpl,?a_main+2+1
    68  00037  E0                 	movx	a,@dptr
    69  00038  F5 24              	mov	?a_main+4,a
    70                           ;main.c: 12: if (test != nabor) {
    71                           
    72                           	line	12
    73  0003A  E5 24              	mov	a,?a_main+4
    74  0003C  B5 25  04          	cbne	a,?a_main+5,u20
    75  0003F  80 00              	jmp	u21
    76  00041                     u21:
    77  00041  80 05              	jmp	l6
    78  00043                     u20:
    79                           ;main.c: 13: P1 = 0x1;
    80                           
    81                           	line	13
    82  00043  75 90 01           	mov	090h,#1
    83                           ;main.c: 14: break;
    84                           
    85                           	line	14
    86  00046  80 20              	jmp	l4
    87                           	line	15
    88  00048                     l6:
    89                           ;main.c: 15: }
    90                           
    91                           ;main.c: 16: ptr++;
    92                           
    93                           	line	16
    94  00048  05 23              	inc	?a_main+2+1
    95  0004A  E5 23              	mov	a,?a_main+2+1
    96  0004C  70 02              	jnz	u30
    97  0004E  05 22              	inc	?a_main+2
    98  00050                     u30:
    99                           	line	9
   100  00050  05 21              	inc	?a_main+0+1
   101  00052  E5 21              	mov	a,?a_main+0+1
   102  00054  70 02              	jnz	u40
   103  00056  05 20              	inc	?a_main+0
   104  00058                     u40:
   105  00058  E5 21              	mov	a,?a_main+0+1
   106  0005A  24 00              	add	a,#low -(1024)
   107  0005C  E5 20              	mov	a,?a_main+0
   108  0005E  64 80              	xrl	a,#80h
   109  00060  34 7C              	addc	a,#(high -(1024))xor 80h
   110  00062  50 02              	bnc	u51
   111  00064  80 02              	jmp	u50
   112  00066                     u51:
   113  00066  80 C0              	jmp	l3
   114  00068                     u50:
   115  00068                     l4:
   116                           ;main.c: 17: }
   117                           
   118                           ;main.c: 18: }
   119                           
   120                           	line	18
   121  00068                     l2:
   122  00068  22                 	ret
   123  00069                     f1411:
   124  00069  80 9A              	j	f1410
   125                           	FNSIZE	_main,6,0
   126                           	global	?a_main
   127  0000                     f1412	equ	0
   128  0000                     _A10	equ	162
   129  0000                     _A11	equ	163
   130  0000                     _A12	equ	164
   131  0000                     _A13	equ	165
   132  0000                     _A14	equ	166
   133  0000                     _A15	equ	167
   134  0000                     _A8	equ	160
   135  0000                     _A9	equ	161
   136  0000                     _AC	equ	214
   137  0000                     _ACC0	equ	224
   138  0000                     _ACC1	equ	225
   139  0000                     _ACC2	equ	226
   140  0000                     _ACC3	equ	227
   141  0000                     _ACC4	equ	228
   142  0000                     _ACC5	equ	229
   143  0000                     _ACC6	equ	230
   144  0000                     _ACC7	equ	231
   145  0000                     _AD0	equ	128
   146  0000                     _AD1	equ	129
   147  0000                     _AD2	equ	130
   148  0000                     _AD3	equ	131
   149  0000                     _AD4	equ	132
   150  0000                     _AD5	equ	133
   151  0000                     _AD6	equ	134
   152  0000                     _AD7	equ	135
   153  0000                     _B0	equ	240
   154  0000                     _B1	equ	241
   155  0000                     _B2	equ	242
   156  0000                     _B3	equ	243
   157  0000                     _B4	equ	244
   158  0000                     _B5	equ	245
   159  0000                     _B6	equ	246
   160  0000                     _B7	equ	247
   161  0000                     _CY	equ	215
   162  0000                     _EA	equ	175
   163  0000                     _ES	equ	172
   164  0000                     _ET0	equ	169
   165  0000                     _ET1	equ	171
   166  0000                     _EX0	equ	168
   167  0000                     _EX1	equ	170
   168  0000                     _F0	equ	213
   169  0000                     _IE0	equ	137
   170  0000                     _IE1	equ	139
   171  0000                     _INT0	equ	178
   172  0000                     _INT1	equ	179
   173  0000                     _IT0	equ	136
   174  0000                     _IT1	equ	138
   175  0000                     _OV	equ	210
   176  0000                     _P	equ	208
   177  0000                     _P00	equ	128
   178  0000                     _P01	equ	129
   179  0000                     _P02	equ	130
   180  0000                     _P03	equ	131
   181  0000                     _P04	equ	132
   182  0000                     _P05	equ	133
   183  0000                     _P06	equ	134
   184  0000                     _P07	equ	135
   185  0000                     _P10	equ	144
   186  0000                     _P11	equ	145
   187  0000                     _P12	equ	146
   188  0000                     _P13	equ	147
   189  0000                     _P14	equ	148
   190  0000                     _P15	equ	149
   191  0000                     _P16	equ	150
   192  0000                     _P17	equ	151
   193  0000                     _P20	equ	160
   194  0000                     _P21	equ	161
   195  0000                     _P22	equ	162
   196  0000                     _P23	equ	163
   197  0000                     _P24	equ	164
   198  0000                     _P25	equ	165
   199  0000                     _P26	equ	166
   200  0000                     _P27	equ	167
   201  0000                     _P30	equ	176
   202  0000                     _P31	equ	177
   203  0000                     _P32	equ	178
   204  0000                     _P33	equ	179
   205  0000                     _P34	equ	180
   206  0000                     _P35	equ	181
   207  0000                     _P36	equ	182
   208  0000                     _P37	equ	183
   209  0000                     _PS	equ	188
   210  0000                     _PT0	equ	185
   211  0000                     _PT1	equ	187
   212  0000                     _PX0	equ	184
   213  0000                     _PX1	equ	186
   214  0000                     _RB8	equ	154
   215  0000                     _RD	equ	183
   216  0000                     _REN	equ	156
   217  0000                     _RI	equ	152
   218  0000                     _RS0	equ	211
   219  0000                     _RS1	equ	212
   220  0000                     _RXD	equ	176
   221  0000                     _SM0	equ	159
   222  0000                     _SM1	equ	158
   223  0000                     _SM2	equ	157
   224  0000                     _T0	equ	180
   225  0000                     _T1	equ	181
   226  0000                     _TB8	equ	155
   227  0000                     _TF0	equ	141
   228  0000                     _TF1	equ	143
   229  0000                     _TI	equ	153
   230  0000                     _TR0	equ	140
   231  0000                     _TR1	equ	142
   232  0000                     _TXD	equ	177
   233  0000                     _WR	equ	182
   234  0000                     _ACC	equ	224
   235  0000                     _B	equ	240
   236  0000                     _DPH	equ	131
   237  0000                     _DPL	equ	130
   238  0000                     _IE	equ	168
   239  0000                     _IP	equ	184
   240  0000                     _P0	equ	128
   241  0000                     _P1	equ	144
   242  0000                     _P2	equ	160
   243  0000                     _P3	equ	176
   244  0000                     _PCON	equ	135
   245  0000                     _PSW	equ	208
   246  0000                     _SBUF	equ	153
   247  0000                     _SCON	equ	152
   248  0000                     _SP	equ	129
   249  0000                     _TCON	equ	136
   250  0000                     _TH0	equ	140
   251  0000                     _TH1	equ	141
   252  0000                     _TL0	equ	138
   253  0000                     _TL1	equ	139
   254  0000                     _TMOD	equ	137
   255  0000                     _ACC_BITS	equ	224
   256  0000                     _B_BITS	equ	240
   257  0000                     _IE_BITS	equ	168
   258  0000                     _IP_BITS	equ	184
   259  0000                     _P0_BITS	equ	128
   260  0000                     _P1_BITS	equ	144
   261  0000                     _P2_BITS	equ	160
   262  0000                     _P3_BITS	equ	176
   263  0000                     _PCON_BITS	equ	135
   264  0000                     _PSW_BITS	equ	208
   265  0000                     _SCON_BITS	equ	152
   266  0000                     _TCON_BITS	equ	136
   267  0000                     _TMOD_BITS	equ	137


HI-TECH Software 8051 Macro Assembler V9.60                                Page 2
Symbol Table                                           Fri May 23 10:15:14 2025

       ?a_main 00020              _B 000F0              l2 00068  
            l3 00028              l4 00068              _P 000D0  
            l6 00048             _B0 000F0             _B1 000F1  
           _B2 000F2             _B3 000F3             _B4 000F4  
           _B5 000F5             _B6 000F6             _A8 000A0  
           _B7 000F7             _A9 000A1             _F0 000D5  
           _AC 000D6             _EA 000AF             _P0 00080  
           _P1 00090             _P2 000A0             _P3 000B0  
           _IE 000A8             _T0 000B4             _T1 000B5  
           _ES 000AC             _CY 000D7             _IP 000B8  
           _RD 000B7             u10 00026             u11 00024  
           u20 00043             _RI 00098             u21 00041  
           u30 00050             u40 00058             _TI 00099  
           u50 00068             _PS 000BC             u51 00066  
           _OV 000D2             _SP 00081             _WR 000B6  
       _B_BITS 000F0            _A10 000A2            _A11 000A3  
          _A12 000A4            _A13 000A5            _A14 000A6  
          _A15 000A7            _AD0 00080            _AD1 00081  
          _AD2 00082            _AD3 00083            _AD4 00084  
          _AD5 00085            _AD6 00086            _AD7 00087  
          _ACC 000E0            _P00 00080            _P01 00081  
          _P10 00090            _P02 00082            _P11 00091  
          _P03 00083            _P20 000A0            _P12 00092  
          _P04 00084            _P21 000A1            _P13 00093  
          _P05 00085            _P30 000B0            _P22 000A2  
          _P14 00094            _P06 00086            _P31 000B1  
          _P23 000A3            _P15 00095            _P07 00087  
          _P32 000B2            _P24 000A4            _P16 00096  
          _P33 000B3            _P25 000A5            _P17 00097  
          _P34 000B4            _P26 000A6            _P35 000B5  
          _P27 000A7            _P36 000B6            _P37 000B7  
          _IE0 00089            _IE1 0008B            _ET0 000A9  
          _ET1 000AB            _EX0 000A8            _EX1 000AA  
          _DPH 00083            _DPL 00082            _IT0 00088  
          _IT1 0008A            _RB8 0009A            _TF0 0008D  
          _TB8 0009B            _TF1 0008F            _TH0 0008C  
          _TH1 0008D            _SM0 0009F            _SM1 0009E  
          _TL0 0008A            _SM2 0009D            _PT0 000B9  
          _TL1 0008B            _PT1 000BB            _RS0 000D3  
          _RS1 000D4            _REN 0009C            _PX0 000B8  
          _PX1 000BA            _TR0 0008C            _TR1 0008E  
          _RXD 000B0            _PSW 000D0            _TXD 000B1  
      _P0_BITS 00080        _P1_BITS 00090        _P2_BITS 000A0  
      _P3_BITS 000B0        _IE_BITS 000A8       _ACC_BITS 000E0  
      _IP_BITS 000B8           f1410 00005           f1411 00069  
         f1412 00000           _ACC0 000E0           _ACC1 000E1  
         _ACC2 000E2           _ACC3 000E3           _ACC4 000E4  
         _ACC5 000E5           _ACC6 000E6           _ACC7 000E7  
stack_internal 00001           _INT0 000B2           _INT1 000B3  
         _PCON 00087           _SCON 00098           _SBUF 00099  
         _TCON 00088           _TMOD 00089           _main 00003  
     _PSW_BITS 000D0      _PCON_BITS 00087      _SCON_BITS 00098  
    _TCON_BITS 00088      _TMOD_BITS 00089  
