

HI-TECH Software 8051 Macro Assembler V9.60                                Page 1
                                                       Fri May 23 10:23:37 2025

     1                           	psect	idata,class=DATA,space=1,limit=080h
     2                           	psect	irdata,class=DATA,limit=080h
     3                           	global	_main
     4                           	signat	_main,88
     5                           	global	stack_internal
     6                           	psect	text,class=CODE
     7                           	psect	text
     8                           	file	"C:\0E91~1\3A3E7~1\890C~1\FB71~1\3D916~1\P
                                 RACTI~1\project1\main.c"
     9                           	line	2
    10  00111                     _main:
    11  00111  02 02E3            	j	f1411
    12  00114                     f1410:
    13                           ;main.c: 2: void main() {
    14                           
    15                           ;	var   _i assigned to ?a_main+0
    16                           ;	var   _j assigned to ?a_main+2
    17                           ;	var   _k assigned to ?a_main+4
    18                           ;	var   _pos assigned to ?a_main+6
    19                           ;main.c: 3: unsigned int i,j,k;
    20                           
    21                           ;main.c: 4: unsigned int pos = 0xCF;
    22                           
    23                           	line	4
    24  00114  75 26  00          	mov	?a_main+6,#high(207)
    25  00117  75 27  CF          	mov	?a_main+6+1,#low(207)
    26                           	psect	data,class=CODE
    27                           	psect	data
    28  00100                     F160:
    29  00100  B1                 	db	(177)
    30  00101  A0                 	db	(160)
    31  00102  B2                 	db	(178)
    32  00103  B3                 	db	(179)
    33  00104  A9                 	db	(169)
    34  00105  B9                 	db	(185)
    35  00106  AB                 	db	(171)
    36  00107  A0                 	db	(160)
    37  00108  00                 	db	(0)
    38                           ;	var   _str1 assigned to ?a_main+8
    39                           ;main.c: 5: unsigned char str1[] = {0xB1, 0xA0, 
                                 0xB2, 0xB3, 0xA9, 0xB9, 0xAB, 0xA0, 0x00};
    40                           
    41                           	psect	text
    42                           	line	5
    43  0011A  78 01              	mov	r0,#high (F160)
    44  0011C  79 00              	mov	r1,#low (F160)
    45  0011E  7A 00              	mov	r2,#high (?a_main+8)
    46  00120  7B 28              	mov	r3,#low (?a_main+8)
    47  00122  7D 09              	mov	r5,#low 9
    48  00124  7C 00              	mov	r4,#high 9
    49                           	global	str_copy
    50  00126  12 0019            	lcall	str_copy
    51                           	psect	data
    52  00109                     F164:
    53  00109  AB                 	db	(171)
    54  0010A  AF                 	db	(175)
    55  0010B  B9                 	db	(185)
    56  0010C  AB                 	db	(171)
    57  0010D  A0                 	db	(160)
    58  0010E  00                 	db	(0)
    59                           ;	var   _str2 assigned to ?a_main+17
    60                           ;main.c: 7: unsigned char str2[] = {0xAB, 0xAF, 
                                 0xB9, 0xAB, 0xA0, 0x00};
    61                           
    62                           	psect	text
    63                           	line	7
    64  00129  78 01              	mov	r0,#high (F164)
    65  0012B  79 09              	mov	r1,#low (F164)
    66  0012D  7A 00              	mov	r2,#high (?a_main+17)
    67  0012F  7B 31              	mov	r3,#low (?a_main+17)
    68  00131  7D 06              	mov	r5,#low 6
    69  00133  7C 00              	mov	r4,#high 6
    70                           	global	str_copy
    71  00135  12 0019            	lcall	str_copy
    72                           ;	var   _len1 assigned to ?a_main+23
    73                           ;main.c: 8: unsigned char len1 = 0, len2 = 0;
    74                           
    75                           	line	8
    76  00138  75 37  00          	mov	?a_main+23,#0
    77                           ;	var   _len2 assigned to ?a_main+24
    78  0013B  75 38  00          	mov	?a_main+24,#0
    79                           ;main.c: 9: while (str1[len1] != '\0') len1++;
    80                           
    81                           	line	9
    82  0013E  80 02              	jmp	l5
    83  00140                     l6:
    84  00140  05 37              	inc	?a_main+23
    85  00142                     l5:
    86  00142  74 28              	mov	a,#?a_main+8
    87  00144  A9 37              	mov	r1,?a_main+23
    88  00146  78 00              	mov	r0,#0
    89  00148  29                 	add	a,r1
    90  00149  F9                 	mov	r1,a
    91  0014A  E7                 	mov	a,@r1
    92  0014B  70 F3              	bnz	l6
    93  0014D                     l7:
    94                           ;main.c: 10: while (str2[len2] != '\0') len2++;
    95                           
    96                           	line	10
    97  0014D  80 02              	jmp	l8
    98  0014F                     l9:
    99  0014F  05 38              	inc	?a_main+24
   100  00151                     l8:
   101  00151  74 31              	mov	a,#?a_main+17
   102  00153  A9 38              	mov	r1,?a_main+24
   103  00155  78 00              	mov	r0,#0
   104  00157  29                 	add	a,r1
   105  00158  F9                 	mov	r1,a
   106  00159  E7                 	mov	a,@r1
   107  0015A  70 F3              	bnz	l9
   108  0015C                     l10:
   109                           ;main.c: 11: P0 = 0xC;
   110                           
   111                           	line	11
   112  0015C  75 80 0C           	mov	080h,#12
   113                           ;main.c: 12: P2 = 0x1;
   114                           
   115                           	line	12
   116  0015F  75 A0 01           	mov	0A0h,#1
   117                           ;main.c: 13: P2 = 0x0;
   118                           
   119                           	line	13
   120  00162  75 A0 00           	mov	0A0h,#0
   121                           ;main.c: 14: P0 = 0x38;
   122                           
   123                           	line	14
   124  00165  75 80 38           	mov	080h,#56
   125                           ;main.c: 15: P2 = 0x1;
   126                           
   127                           	line	15
   128  00168  75 A0 01           	mov	0A0h,#1
   129                           ;main.c: 16: P2 = 0x0;
   130                           
   131                           	line	16
   132  0016B  75 A0 00           	mov	0A0h,#0
   133                           ;main.c: 17: P0 = 0x88;
   134                           
   135                           	line	17
   136  0016E  75 80 88           	mov	080h,#136
   137                           ;main.c: 18: P2 = 0x1;
   138                           
   139                           	line	18
   140  00171  75 A0 01           	mov	0A0h,#1
   141                           ;main.c: 19: P2 = 0x0;
   142                           
   143                           	line	19
   144  00174  75 A0 00           	mov	0A0h,#0
   145                           ;main.c: 20: for (i = 0; i<len1; i++) {
   146                           
   147                           	line	20
   148  00177  E4                 	clr	a
   149  00178  F5 20              	mov	?a_main+0,a
   150  0017A  F5 21              	mov	?a_main+0+1,a
   151  0017C  80 15              	jmp	l14
   152  0017E                     l11:
   153                           ;main.c: 21: P0 = str1[i];
   154                           
   155                           	line	21
   156  0017E  74 28              	mov	a,#?a_main+8
   157  00180  25 21              	add	a,?a_main+0+1
   158  00182  F9                 	mov	r1,a
   159  00183  87 80              	mov	080h,@r1
   160                           ;main.c: 22: P2 = 0x3;
   161                           
   162                           	line	22
   163  00185  75 A0 03           	mov	0A0h,#3
   164                           ;main.c: 23: P2 = 0x2;
   165                           
   166                           	line	23
   167  00188  75 A0 02           	mov	0A0h,#2
   168                           	line	20
   169  0018B  05 21              	inc	?a_main+0+1
   170  0018D  E5 21              	mov	a,?a_main+0+1
   171  0018F  70 02              	jnz	u10
   172  00191  05 20              	inc	?a_main+0
   173  00193                     u10:
   174  00193                     l14:
   175  00193  A9 37              	mov	r1,?a_main+23
   176  00195  78 00              	mov	r0,#0
   177  00197  E8                 	mov	a,r0
   178  00198  B5 20  06          	cbne	a,?a_main+0,u22
   179  0019B  E9                 	mov	a,r1
   180  0019C  B5 21  02          	cbne	a,?a_main+0+1,u22
   181  0019F  80 06              	jmp	u20
   182  001A1                     u22:
   183  001A1  50 02              	bnc	u21
   184  001A3  80 02              	jmp	u20
   185  001A5                     u21:
   186  001A5  80 D7              	jmp	l11
   187  001A7                     u20:
   188  001A7                     l12:
   189                           ;main.c: 24: }
   190                           
   191                           ;main.c: 25: while(1) {
   192                           
   193                           	line	25
   194  001A7                     l16:
   195                           ;main.c: 26: j = 0;
   196                           
   197                           	line	26
   198  001A7  E4                 	clr	a
   199  001A8  F5 22              	mov	?a_main+2,a
   200  001AA  F5 23              	mov	?a_main+2+1,a
   201                           ;main.c: 27: while (j != 15) {
   202                           
   203                           	line	27
   204  001AC  02 025B            	jmp	l18
   205  001AF                     l19:
   206                           ;main.c: 28: if (j < len2) {
   207                           
   208                           	line	28
   209  001AF  A9 38              	mov	r1,?a_main+24
   210  001B1  78 00              	mov	r0,#0
   211  001B3  E8                 	mov	a,r0
   212  001B4  B5 22  06          	cbne	a,?a_main+2,u32
   213  001B7  E9                 	mov	a,r1
   214  001B8  B5 23  02          	cbne	a,?a_main+2+1,u32
   215  001BB  80 04              	jmp	u31
   216  001BD                     u32:
   217  001BD  50 04              	bnc	u30
   218  001BF  80 00              	jmp	u31
   219  001C1                     u31:
   220  001C1  80 41              	jmp	l21
   221  001C3                     u30:
   222                           ;main.c: 29: P0 = pos;
   223                           
   224                           	line	29
   225  001C3  85 27  80          	mov	080h,?a_main+6+1
   226                           ;main.c: 30: P2 = 0x1;
   227                           
   228                           	line	30
   229  001C6  75 A0 01           	mov	0A0h,#1
   230                           ;main.c: 31: P2 = 0x0;
   231                           
   232                           	line	31
   233  001C9  75 A0 00           	mov	0A0h,#0
   234                           ;main.c: 32: for (i = 0; i < j+1; i++) {
   235                           
   236                           	line	32
   237  001CC  E4                 	clr	a
   238  001CD  F5 20              	mov	?a_main+0,a
   239  001CF  F5 21              	mov	?a_main+0+1,a
   240  001D1  80 15              	jmp	l25
   241  001D3                     l22:
   242                           ;main.c: 33: P0 = str2[i];
   243                           
   244                           	line	33
   245  001D3  74 31              	mov	a,#?a_main+17
   246  001D5  25 21              	add	a,?a_main+0+1
   247  001D7  F9                 	mov	r1,a
   248  001D8  87 80              	mov	080h,@r1
   249                           ;main.c: 34: P2 = 0x3;
   250                           
   251                           	line	34
   252  001DA  75 A0 03           	mov	0A0h,#3
   253                           ;main.c: 35: P2 = 0x2;
   254                           
   255                           	line	35
   256  001DD  75 A0 02           	mov	0A0h,#2
   257                           	line	32
   258  001E0  05 21              	inc	?a_main+0+1
   259  001E2  E5 21              	mov	a,?a_main+0+1
   260  001E4  70 02              	jnz	u40
   261  001E6  05 20              	inc	?a_main+0
   262  001E8                     u40:
   263  001E8                     l25:
   264  001E8  E5 23              	mov	a,?a_main+2+1
   265  001EA  24 01              	add	a,#01h
   266  001EC  FD                 	mov	r5,a
   267  001ED  E5 22              	mov	a,?a_main+2
   268  001EF  34 00              	addc	a,#0
   269  001F1  FC                 	mov	r4,a
   270  001F2  EC                 	mov	a,r4
   271  001F3  B5 20  06          	cbne	a,?a_main+0,u52
   272  001F6  ED                 	mov	a,r5
   273  001F7  B5 21  02          	cbne	a,?a_main+0+1,u52
   274  001FA  80 06              	jmp	u50
   275  001FC                     u52:
   276  001FC  50 02              	bnc	u51
   277  001FE  80 02              	jmp	u50
   278  00200                     u51:
   279  00200  80 D1              	jmp	l22
   280  00202                     u50:
   281  00202                     l23:
   282                           ;main.c: 36: }
   283                           
   284                           ;main.c: 37: }
   285                           
   286                           	line	37
   287  00202  80 43              	jmp	l26
   288                           	line	38
   289  00204                     l21:
   290                           ;main.c: 38: else {
   291                           
   292                           ;main.c: 39: P0 = pos;
   293                           
   294                           	line	39
   295  00204  85 27  80          	mov	080h,?a_main+6+1
   296                           ;main.c: 40: P2 = 0x1;
   297                           
   298                           	line	40
   299  00207  75 A0 01           	mov	0A0h,#1
   300                           ;main.c: 41: P2 = 0x0;
   301                           
   302                           	line	41
   303  0020A  75 A0 00           	mov	0A0h,#0
   304                           ;main.c: 42: for (i = 0; i < len2; i++) {
   305                           
   306                           	line	42
   307  0020D  E4                 	clr	a
   308  0020E  F5 20              	mov	?a_main+0,a
   309  00210  F5 21              	mov	?a_main+0+1,a
   310  00212  80 15              	jmp	l30
   311  00214                     l27:
   312                           ;main.c: 43: P0 = str2[i];
   313                           
   314                           	line	43
   315  00214  74 31              	mov	a,#?a_main+17
   316  00216  25 21              	add	a,?a_main+0+1
   317  00218  F9                 	mov	r1,a
   318  00219  87 80              	mov	080h,@r1
   319                           ;main.c: 44: P2 = 0x3;
   320                           
   321                           	line	44
   322  0021B  75 A0 03           	mov	0A0h,#3
   323                           ;main.c: 45: P2 = 0x2;
   324                           
   325                           	line	45
   326  0021E  75 A0 02           	mov	0A0h,#2
   327                           	line	42
   328  00221  05 21              	inc	?a_main+0+1
   329  00223  E5 21              	mov	a,?a_main+0+1
   330  00225  70 02              	jnz	u60
   331  00227  05 20              	inc	?a_main+0
   332  00229                     u60:
   333  00229                     l30:
   334  00229  A9 38              	mov	r1,?a_main+24
   335  0022B  78 00              	mov	r0,#0
   336  0022D  E8                 	mov	a,r0
   337  0022E  B5 20  06          	cbne	a,?a_main+0,u72
   338  00231  E9                 	mov	a,r1
   339  00232  B5 21  02          	cbne	a,?a_main+0+1,u72
   340  00235  80 06              	jmp	u70
   341  00237                     u72:
   342  00237  50 02              	bnc	u71
   343  00239  80 02              	jmp	u70
   344  0023B                     u71:
   345  0023B  80 D7              	jmp	l27
   346  0023D                     u70:
   347  0023D                     l28:
   348                           ;main.c: 46: }
   349                           
   350                           ;main.c: 47: P0 = " ";
   351                           
   352                           	line	47
   353  0023D  74 0F              	mov	a,#low(0+u19)
   354  0023F  F5 80              	mov	080h,a
   355                           ;main.c: 48: P2 = 0x3;
   356                           
   357                           	line	48
   358  00241  75 A0 03           	mov	0A0h,#3
   359                           ;main.c: 49: P2 = 0x2;
   360                           
   361                           	line	49
   362  00244  75 A0 02           	mov	0A0h,#2
   363                           	line	50
   364  00247                     l26:
   365                           ;main.c: 50: }
   366                           
   367                           ;main.c: 51: pos -= 1;
   368                           
   369                           	line	51
   370  00247  E5 27              	mov	a,?a_main+6+1
   371  00249  24 FF              	add	a,#low (-01h)
   372  0024B  F5 27              	mov	?a_main+6+1,a
   373  0024D  E5 26              	mov	a,?a_main+6
   374  0024F  34 FF              	addc	a,#high (-01h)
   375  00251  F5 26              	mov	?a_main+6,a
   376                           ;main.c: 52: j += 1;
   377                           
   378                           	line	52
   379  00253  05 23              	inc	?a_main+2+1
   380  00255  E5 23              	mov	a,?a_main+2+1
   381  00257  70 02              	jnz	u80
   382  00259  05 22              	inc	?a_main+2
   383  0025B                     u80:
   384                           	line	53
   385  0025B                     l18:
   386                           	line	27
   387  0025B  E5 23              	mov	a,?a_main+2+1
   388  0025D  B4 0F 07           	cbne	a,#low (15),u91
   389  00260  E5 22              	mov	a,?a_main+2
   390  00262  B4 00 02           	cbne	a,#high (15),u91
   391  00265  80 03              	jmp	u90
   392  00267                     u91:
   393  00267  02 01AF            	jmp	l19
   394  0026A                     u90:
   395  0026A                     l20:
   396                           ;main.c: 53: }
   397                           
   398                           ;main.c: 54: k = len2;
   399                           
   400                           	line	54
   401  0026A  75 24  00          	mov	?a_main+4,#0
   402  0026D  85 38  25          	mov	?a_main+4+1,?a_main+24
   403                           ;main.c: 55: while (k != -1) {
   404                           
   405                           	line	55
   406  00270  80 59              	jmp	l31
   407  00272                     l32:
   408                           ;main.c: 56: P0 = 0xC0;
   409                           
   410                           	line	56
   411  00272  75 80 C0           	mov	080h,#192
   412                           ;main.c: 57: P2 = 0x1;
   413                           
   414                           	line	57
   415  00275  75 A0 01           	mov	0A0h,#1
   416                           ;main.c: 58: P2 = 0x0;
   417                           
   418                           	line	58
   419  00278  75 A0 00           	mov	0A0h,#0
   420                           ;main.c: 59: for (i = len2-k; i < len2; i++) {
   421                           
   422                           	line	59
   423  0027B  A9 38              	mov	r1,?a_main+24
   424  0027D  78 00              	mov	r0,#0
   425  0027F  E9                 	mov	a,r1
   426  00280  C3                 	clr	c
   427  00281  95 25              	subb	a,?a_main+4+1
   428  00283  F5 21              	mov	?a_main+0+1,a
   429  00285  E8                 	mov	a,r0
   430  00286  95 24              	subb	a,?a_main+4
   431  00288  F5 20              	mov	?a_main+0,a
   432  0028A  80 15              	jmp	l37
   433  0028C                     l34:
   434                           ;main.c: 60: P0 = str2[i];
   435                           
   436                           	line	60
   437  0028C  74 31              	mov	a,#?a_main+17
   438  0028E  25 21              	add	a,?a_main+0+1
   439  00290  F9                 	mov	r1,a
   440  00291  87 80              	mov	080h,@r1
   441                           ;main.c: 61: P2 = 0x3;
   442                           
   443                           	line	61
   444  00293  75 A0 03           	mov	0A0h,#3
   445                           ;main.c: 62: P2 = 0x2;
   446                           
   447                           	line	62
   448  00296  75 A0 02           	mov	0A0h,#2
   449                           	line	59
   450  00299  05 21              	inc	?a_main+0+1
   451  0029B  E5 21              	mov	a,?a_main+0+1
   452  0029D  70 02              	jnz	u100
   453  0029F  05 20              	inc	?a_main+0
   454  002A1                     u100:
   455  002A1                     l37:
   456  002A1  A9 38              	mov	r1,?a_main+24
   457  002A3  78 00              	mov	r0,#0
   458  002A5  E8                 	mov	a,r0
   459  002A6  B5 20  06          	cbne	a,?a_main+0,u112
   460  002A9  E9                 	mov	a,r1
   461  002AA  B5 21  02          	cbne	a,?a_main+0+1,u112
   462  002AD  80 06              	jmp	u110
   463  002AF                     u112:
   464  002AF  50 02              	bnc	u111
   465  002B1  80 02              	jmp	u110
   466  002B3                     u111:
   467  002B3  80 D7              	jmp	l34
   468  002B5                     u110:
   469  002B5                     l35:
   470                           ;main.c: 63: }
   471                           
   472                           ;main.c: 64: P0 = " ";
   473                           
   474                           	line	64
   475  002B5  74 0F              	mov	a,#low(0+u29)
   476  002B7  F5 80              	mov	080h,a
   477                           ;main.c: 65: P2 = 0x3;
   478                           
   479                           	line	65
   480  002B9  75 A0 03           	mov	0A0h,#3
   481                           ;main.c: 66: P2 = 0x2;
   482                           
   483                           	line	66
   484  002BC  75 A0 02           	mov	0A0h,#2
   485                           ;main.c: 67: k -= 1;
   486                           
   487                           	line	67
   488  002BF  E5 25              	mov	a,?a_main+4+1
   489  002C1  24 FF              	add	a,#low (-01h)
   490  002C3  F5 25              	mov	?a_main+4+1,a
   491  002C5  E5 24              	mov	a,?a_main+4
   492  002C7  34 FF              	addc	a,#high (-01h)
   493  002C9  F5 24              	mov	?a_main+4,a
   494                           	line	68
   495  002CB                     l31:
   496                           	line	55
   497  002CB  E5 25              	mov	a,?a_main+4+1
   498  002CD  B4 FF 07           	cbne	a,#low (65535),u121
   499  002D0  E5 24              	mov	a,?a_main+4
   500  002D2  B4 FF 02           	cbne	a,#high (65535),u121
   501  002D5  80 02              	jmp	u120
   502  002D7                     u121:
   503  002D7  80 99              	jmp	l32
   504  002D9                     u120:
   505  002D9                     l33:
   506                           ;main.c: 68: }
   507                           
   508                           ;main.c: 69: pos = 0xCF;
   509                           
   510                           	line	69
   511  002D9  75 26  00          	mov	?a_main+6,#high(207)
   512  002DC  75 27  CF          	mov	?a_main+6+1,#low(207)
   513                           	line	70
   514  002DF                     l15:
   515                           	line	25
   516  002DF  02 01A7            	jmp	l16
   517  002E2                     l17:
   518                           ;main.c: 70: }
   519                           
   520                           ;main.c: 71: }
   521                           
   522                           	line	71
   523  002E2                     l4:
   524  002E2  22                 	ret
   525  002E3                     f1411:
   526  002E3  02 0114            	j	f1410
   527                           	FNSIZE	_main,25,0
   528                           	global	?a_main
   529  0000                     f1412	equ	0
   530                           	psect	strings,class=CODE
   531                           	psect	strings
   532  0010F                     u29:
   533  0010F                     u19:
   534  0010F  20 00              	db	32,0
   535  0000                     _A10	equ	162
   536  0000                     _A11	equ	163
   537  0000                     _A12	equ	164
   538  0000                     _A13	equ	165
   539  0000                     _A14	equ	166
   540  0000                     _A15	equ	167
   541  0000                     _A8	equ	160
   542  0000                     _A9	equ	161
   543  0000                     _AC	equ	214
   544  0000                     _ACC0	equ	224
   545  0000                     _ACC1	equ	225
   546  0000                     _ACC2	equ	226
   547  0000                     _ACC3	equ	227
   548  0000                     _ACC4	equ	228
   549  0000                     _ACC5	equ	229
   550  0000                     _ACC6	equ	230
   551  0000                     _ACC7	equ	231
   552  0000                     _AD0	equ	128
   553  0000                     _AD1	equ	129
   554  0000                     _AD2	equ	130
   555  0000                     _AD3	equ	131
   556  0000                     _AD4	equ	132
   557  0000                     _AD5	equ	133
   558  0000                     _AD6	equ	134
   559  0000                     _AD7	equ	135
   560  0000                     _B0	equ	240
   561  0000                     _B1	equ	241
   562  0000                     _B2	equ	242
   563  0000                     _B3	equ	243
   564  0000                     _B4	equ	244
   565  0000                     _B5	equ	245
   566  0000                     _B6	equ	246
   567  0000                     _B7	equ	247
   568  0000                     _CY	equ	215
   569  0000                     _EA	equ	175
   570  0000                     _ES	equ	172
   571  0000                     _ET0	equ	169
   572  0000                     _ET1	equ	171
   573  0000                     _EX0	equ	168
   574  0000                     _EX1	equ	170
   575  0000                     _F0	equ	213
   576  0000                     _IE0	equ	137
   577  0000                     _IE1	equ	139
   578  0000                     _INT0	equ	178
   579  0000                     _INT1	equ	179
   580  0000                     _IT0	equ	136
   581  0000                     _IT1	equ	138
   582  0000                     _OV	equ	210
   583  0000                     _P	equ	208
   584  0000                     _P00	equ	128
   585  0000                     _P01	equ	129
   586  0000                     _P02	equ	130
   587  0000                     _P03	equ	131
   588  0000                     _P04	equ	132
   589  0000                     _P05	equ	133
   590  0000                     _P06	equ	134
   591  0000                     _P07	equ	135
   592  0000                     _P10	equ	144
   593  0000                     _P11	equ	145
   594  0000                     _P12	equ	146
   595  0000                     _P13	equ	147
   596  0000                     _P14	equ	148
   597  0000                     _P15	equ	149
   598  0000                     _P16	equ	150
   599  0000                     _P17	equ	151
   600  0000                     _P20	equ	160
   601  0000                     _P21	equ	161
   602  0000                     _P22	equ	162
   603  0000                     _P23	equ	163
   604  0000                     _P24	equ	164
   605  0000                     _P25	equ	165
   606  0000                     _P26	equ	166
   607  0000                     _P27	equ	167
   608  0000                     _P30	equ	176
   609  0000                     _P31	equ	177
   610  0000                     _P32	equ	178
   611  0000                     _P33	equ	179
   612  0000                     _P34	equ	180
   613  0000                     _P35	equ	181
   614  0000                     _P36	equ	182
   615  0000                     _P37	equ	183
   616  0000                     _PS	equ	188
   617  0000                     _PT0	equ	185
   618  0000                     _PT1	equ	187
   619  0000                     _PX0	equ	184
   620  0000                     _PX1	equ	186
   621  0000                     _RB8	equ	154
   622  0000                     _RD	equ	183
   623  0000                     _REN	equ	156
   624  0000                     _RI	equ	152
   625  0000                     _RS0	equ	211
   626  0000                     _RS1	equ	212
   627  0000                     _RXD	equ	176
   628  0000                     _SM0	equ	159
   629  0000                     _SM1	equ	158
   630  0000                     _SM2	equ	157
   631  0000                     _T0	equ	180
   632  0000                     _T1	equ	181
   633  0000                     _TB8	equ	155
   634  0000                     _TF0	equ	141
   635  0000                     _TF1	equ	143
   636  0000                     _TI	equ	153
   637  0000                     _TR0	equ	140
   638  0000                     _TR1	equ	142
   639  0000                     _TXD	equ	177
   640  0000                     _WR	equ	182
   641  0000                     _ACC	equ	224
   642  0000                     _B	equ	240
   643  0000                     _DPH	equ	131
   644  0000                     _DPL	equ	130
   645  0000                     _IE	equ	168
   646  0000                     _IP	equ	184
   647  0000                     _P0	equ	128
   648  0000                     _P1	equ	144
   649  0000                     _P2	equ	160
   650  0000                     _P3	equ	176
   651  0000                     _PCON	equ	135
   652  0000                     _PSW	equ	208
   653  0000                     _SBUF	equ	153
   654  0000                     _SCON	equ	152
   655  0000                     _SP	equ	129
   656  0000                     _TCON	equ	136
   657  0000                     _TH0	equ	140
   658  0000                     _TH1	equ	141
   659  0000                     _TL0	equ	138
   660  0000                     _TL1	equ	139
   661  0000                     _TMOD	equ	137
   662  0000                     _ACC_BITS	equ	224
   663  0000                     _B_BITS	equ	240
   664  0000                     _IE_BITS	equ	168
   665  0000                     _IP_BITS	equ	184
   666  0000                     _P0_BITS	equ	128
   667  0000                     _P1_BITS	equ	144
   668  0000                     _P2_BITS	equ	160
   669  0000                     _P3_BITS	equ	176
   670  0000                     _PCON_BITS	equ	135
   671  0000                     _PSW_BITS	equ	208
   672  0000                     _SCON_BITS	equ	152
   673  0000                     _TCON_BITS	equ	136
   674  0000                     _TMOD_BITS	equ	137


HI-TECH Software 8051 Macro Assembler V9.60                                Page 2
Symbol Table                                           Fri May 23 10:23:37 2025

       ?a_main 00020              _B 000F0              l4 002E2  
            l5 00142              _P 000D0              l6 00140  
            l7 0014D              l8 00151              l9 0014F  
           _B0 000F0             _B1 000F1             _B2 000F2  
           _B3 000F3             _B4 000F4             _B5 000F5  
           _B6 000F6             _A8 000A0             _B7 000F7  
           _A9 000A1             _F0 000D5             _AC 000D6  
           l10 0015C             l11 0017E             l20 0026A  
           l12 001A7             l21 00204             l30 00229  
           l22 001D3             l14 00193             _EA 000AF  
           l15 002DF             l31 002CB             l23 00202  
           l32 00272             l16 001A7             l17 002E2  
           l33 002D9             l25 001E8             l34 0028C  
           l26 00247             l18 0025B             l35 002B5  
           l27 00214             l19 001AF             _P0 00080  
           l28 0023D             _P1 00090             l37 002A1  
           _P2 000A0             _P3 000B0             _IE 000A8  
           _T0 000B4             _T1 000B5             _ES 000AC  
           _CY 000D7             _IP 000B8             _RD 000B7  
           u10 00193             u20 001A7             _RI 00098  
           u21 001A5             u30 001C3             u22 001A1  
           u31 001C1             u40 001E8             u32 001BD  
           _TI 00099             u50 00202             _PS 000BC  
           u19 0010F             u51 00200             _OV 000D2  
           u60 00229             u52 001FC             u29 0010F  
           _SP 00081             u70 0023D             u71 0023B  
           u80 0025B             u72 00237             u90 0026A  
           u91 00267             _WR 000B6         _B_BITS 000F0  
          F160 00100            F164 00109            _A10 000A2  
          _A11 000A3            _A12 000A4            _A13 000A5  
          _A14 000A6            _A15 000A7            _AD0 00080  
          _AD1 00081            _AD2 00082            _AD3 00083  
          _AD4 00084            _AD5 00085            _AD6 00086  
          _AD7 00087            _ACC 000E0            _P00 00080  
          _P01 00081            _P10 00090            _P02 00082  
          _P11 00091            _P03 00083            _P20 000A0  
          _P12 00092            _P04 00084            _P21 000A1  
          _P13 00093            _P05 00085            _P30 000B0  
          _P22 000A2            _P14 00094            _P06 00086  
          _P31 000B1            _P23 000A3            _P15 00095  
          _P07 00087            _P32 000B2            _P24 000A4  
          _P16 00096            _P33 000B3            _P25 000A5  
          _P17 00097            _P34 000B4            _P26 000A6  
          _P35 000B5            _P27 000A7            _P36 000B6  
          _P37 000B7            _IE0 00089            _IE1 0008B  
          _ET0 000A9            _ET1 000AB            _EX0 000A8  
          _EX1 000AA            _DPH 00083            _DPL 00082  
          _IT0 00088            _IT1 0008A            _RB8 0009A  
          u100 002A1            u110 002B5            u111 002B3  
          u120 002D9            u112 002AF            u121 002D7  
          _TF0 0008D            _TB8 0009B            _TF1 0008F  
          _TH0 0008C            _TH1 0008D            _SM0 0009F  
          _SM1 0009E            _TL0 0008A            _SM2 0009D  
          _PT0 000B9            _TL1 0008B            _PT1 000BB  
          _RS0 000D3            _RS1 000D4            _REN 0009C  
          _PX0 000B8            _PX1 000BA            _TR0 0008C  
          _TR1 0008E            _RXD 000B0            _PSW 000D0  
          _TXD 000B1        _P0_BITS 00080        _P1_BITS 00090  
      _P2_BITS 000A0        _P3_BITS 000B0        _IE_BITS 000A8  
     _ACC_BITS 000E0        _IP_BITS 000B8           f1410 00114  
         f1411 002E3           f1412 00000           _ACC0 000E0  
         _ACC1 000E1           _ACC2 000E2           _ACC3 000E3  
         _ACC4 000E4           _ACC5 000E5           _ACC6 000E6  
         _ACC7 000E7  stack_internal 00001           _INT0 000B2  
         _INT1 000B3           _PCON 00087           _SCON 00098  
         _SBUF 00099           _TCON 00088           _TMOD 00089  
         _main 00111       _PSW_BITS 000D0      _PCON_BITS 00087  
    _SCON_BITS 00098      _TCON_BITS 00088        str_copy 00019  
    _TMOD_BITS 00089  
