HI-TECH Software 8051-C Compiler V9.60

Linker command line:

--edf=C:\PROGRA~2\HI-TEC~1\HC51\lite\9.60\dat\en_msgs.txt \
  -h+C:\Users\blamb\DOCUME~1\NATION~1\CIRCUI~1.0\MCUWOR~1\pr5\project1\project1.sym \
  -z -Q8051AH -ol.obj \
  -MC:\Users\blamb\DOCUME~1\NATION~1\CIRCUI~1.0\MCUWOR~1\pr5\project1\project1.map \
  -E1 -ver=8051-C#V9.60 -ACODE=00h-0FFFh -pvectors=00h \
  -prbit=0/20h,rbss,rdata/CODE,irdata/CODE,idata/rbss -pbss=XDATA/idata \
  -pdata=CODE+100h -pconst=CODE+100h -pstrings=CODE+100h -pnvram=bss,heap \
  C:\Users\blamb\AppData\Local\Temp\s8j8.obj \
  C:\Users\blamb\DOCUME~1\NATION~1\CIRCUI~1.0\MCUWOR~1\pr5\project1\main_0.obj \
  C:\PROGRA~2\HI-TEC~1\HC51\lite\9.60\lib\51--nsc.lib 

Object code version is 3.8

Machine type is 8051AH

Call graph:

*start1 size 0,0 offset 0
*    _main size 0,76 offset 0

		Name          Link     Load   Length Selector Space Scale
C:\Users\blamb\AppData\Local\Temp\s8j8.obj
		vectors          0        0        3       0     0
		text            D5       D5       14       0     0
C:\Users\blamb\DOCUME~1\NATION~1\CIRCUI~1.0\MCUWOR~1\pr5\project1\main_0.obj
		data           100      100       3E     100     0
		strings        13E      13E       50     100     0
		text           18E      18E      1A4     100     0

C:\PROGRA~2\HI-TEC~1\HC51\lite\9.60\lib\51--nsc.lib
ldc_byte.obj    text             3        3       73       0     0
powerup.obj     text            E9       E9        3       0     0
str_cops.obj    text            76       76       41       0     0
mul.obj         text            B7       B7       1E       0     0

COMMON          rbss            20       20       4C      20     1

TOTAL		Name          Link     Load   Length
	CLASS	CODE     
		vectors          0        0        3
		data           100      100       3E
		text            D5       D5       14
		strings        13E      13E       50
		text           18E      18E      1A4
		text             3        3       73
		text            E9       E9        3
		text            76       76       41
		text            B7       B7       1E

	CLASS	DATA     
		rbss            20       20       4C

	CLASS	XDATA    

	CLASS	BITSEG   



SEGMENTS	Name		Load	Length	 Top	Selector    Space Class

		vectors         000000	0000EC	0000EC	       0       0  CODE    
		rbit            000020	00004C	00006C	      20       1  BITSEG  
		data            000100	000232	000332	     100       0  CODE    


UNUSED ADDRESS RANGES

	CODE             0EC-0FF
	                 332-FFF

                                  Symbol Table

?a_main        rbss    020  __Bbss         bss     06C
__Bidata       idata   06C  __Birdata      irdata  003
__Brbit        rbit    020  __Brdata       rdata   003
__Hbss         bss     06C  __Hcode        code    06C
__Hconst       const   100  __Hdata        data    13E
__Hheap        heap    06C  __Hidata       idata   06C
__Hirdata      irdata  06C  __Hnvram       nvram   06C
__Hrbit        rbit    000  __Hrbss        rbss    06C
__Hrdata       rdata   06C  __Hstrings     strings 18E
__Htext        text    06C  __Hvectors     vectors 003
__Lbss         bss     06C  __Lcode        code    06C
__Lconst       const   100  __Ldata        data    100
__Lheap        heap    06C  __Lidata       idata   06C
__Lirdata      irdata  06C  __Lnvram       nvram   06C
__Lrbit        rbit    000  __Lrbss        rbss    020
__Lrdata       rdata   06C  __Lstrings     strings 13E
__Ltext        text    06C  __Lvectors     vectors 000
__S0           (abs)   332  _exit          text    0E6
_main          text    18E  awmul          text    0B7
intlevel0      (abs)   000  intlevel1      (abs)   000
ldb_r0         text    012  ldb_r1         text    01F
ldb_r2         text    02C  ldb_r3         text    039
ldb_r4         text    046  ldb_r5         text    053
ldb_r6         text    060  ldb_r7         text    06D
ldc_byte       text    003  ldc_r0         text    00E
ldc_r1         text    01B  ldc_r2         text    028
ldc_r3         text    035  ldc_r4         text    042
ldc_r5         text    04F  ldc_r6         text    05C
ldc_r7         text    069  lwmul          text    0B7
powerup        text    0E9  small_model    (abs)   001
stack_internal (abs)   001  start          vectors 000
start1         text    0D5  str_copy       text    08C
str_load       text    08C  str_xcopy      text    076
strx_copy      text    08C  strx_load      text    08C
strx_xcopy     text    076  
